// Jest Snapshot v1, https://goo.gl/fbAQLP

exports[`Contact component matches snapshot DOM node structure 1`] = `
<DocumentFragment>
  <main>
    <section
      id="contact"
    >
      <h1
        data-testid="h1tag"
      >
        Contact me
      </h1>
      <div
        class="email"
      >
        <p
          id="pdf"
        >
          Email Address: 
          <a
            href="mailto:aungonalna58@gmail.com"
          >
            aungonalna58@gmail.com
          </a>
          <br />
          Contact Number: 7757425989
        </p>
      </div>
      <form
        id="contact-form"
      >
        <div>
          <label
            for="name"
          >
            Name:
          </label>
          <input
            name="name"
            type="text"
            value=""
          />
        </div>
        <div>
          <label
            for="email"
          >
            Email address:
          </label>
          <input
            name="email"
            type="email"
            value=""
          />
        </div>
        <div>
          <label
            for="message"
          >
            Message:
          </label>
          <br />
          <textarea
            name="message"
            rows="5"
          />
        </div>
        <button
          data-testid="button"
          type="submit"
        >
          Submit
        </button>
      </form>
    </section>
  </main>
</DocumentFragment>
`;
